[backblue.gif]
[fade.gif]
[index.html]
[validacion.escalabs.com/assets/dist/js/jquery-3.5.1.js]
[validacion.escalabs.com/assets/dist/js/jquery.dataTables.min.js]
[validacion.escalabs.com/assets/dist/js/dataTables.bootstrap4.min.js]
[validacion.escalabs.com/assets/img/escalabs.png]
[validacion.escalabs.com/index8a59.html]
[validacion.escalabs.com/assets/plugins/fontawesome-free/webfonts/fa-brands-400.eot]
[validacion.escalabs.com/assets/plugins/fontawesome-free/webfonts/fa-brands-400d41d.eot]
[validacion.escalabs.com/assets/plugins/fontawesome-free/webfonts/fa-brands-400.woff2]
[validacion.escalabs.com/assets/plugins/fontawesome-free/webfonts/fa-brands-400.woff]
[validacion.escalabs.com/assets/plugins/fontawesome-free/webfonts/fa-brands-400.ttf]
[validacion.escalabs.com/assets/plugins/fontawesome-free/webfonts/fa-regular-400.eot]
[validacion.escalabs.com/assets/plugins/fontawesome-free/webfonts/fa-regular-400d41d.eot]
[validacion.escalabs.com/assets/plugins/fontawesome-free/webfonts/fa-regular-400.woff2]
[validacion.escalabs.com/assets/plugins/fontawesome-free/webfonts/fa-regular-400.woff]
[validacion.escalabs.com/assets/plugins/fontawesome-free/webfonts/fa-regular-400.ttf]
[validacion.escalabs.com/assets/plugins/fontawesome-free/webfonts/fa-solid-900.eot]
[validacion.escalabs.com/assets/plugins/fontawesome-free/webfonts/fa-solid-900d41d.eot]
[validacion.escalabs.com/assets/plugins/fontawesome-free/webfonts/fa-solid-900.woff2]
[validacion.escalabs.com/assets/plugins/fontawesome-free/webfonts/fa-solid-900.woff]
[validacion.escalabs.com/assets/plugins/fontawesome-free/webfonts/fa-solid-900.ttf]
[validacion.escalabs.com/assets/plugins/fontawesome-free/css/all.min.css]
[validacion.escalabs.com/assets/plugins/overlayScrollbars/css/OverlayScrollbars.min.css]
[validacion.escalabs.com/assets/dist/css/bootstrap.css]
[validacion.escalabs.com/assets/dist/css/dataTables.bootstrap4.min.css]
[validacion.escalabs.com/assets/dist/css/toastr.min.html]
[validacion.escalabs.com/assets/dist/js/toastr.min.html]
[validacion.escalabs.com/assets/dist/js/moment.min.html]
[validacion.escalabs.com/assets/plugins/fontawesome-free/webfonts/fa-brands-400.svg]
[validacion.escalabs.com/assets/plugins/fontawesome-free/webfonts/fa-regular-400.svg]
[validacion.escalabs.com/assets/plugins/fontawesome-free/webfonts/fa-solid-900.svg]
